[    0.000000] Initializing cgroup subsys cpuset
[    0.000000] Initializing cgroup subsys cpu
[    0.000000] Initializing cgroup subsys cpuacct
[    0.000000] Linux version 4.4.0-66-generic (buildd@lgw01-28) (gcc version 5.4.0 20160609 (Ubuntu 5.4.0-6ubuntu1~16.04.4) ) #87-Ubuntu SMP Fri Mar 3 15:29:05 UTC 2017 (Ubuntu 4.4.0-66.87-generic 4.4.44)
[    0.000000] Command line: BOOT_IMAGE=/boot/vmlinuz-4.4.0-66-generic root=UUID=6253261b-e48e-4737-8257-5509ddd194ea ro console=tty1 console=ttyS0
[    0.000000] KERNEL supported cpus:
[    0.000000]   Intel GenuineIntel
[    0.000000]   AMD AuthenticAMD
[    0.000000]   Centaur CentaurHauls
[    0.000000] x86/fpu: xstate_offset[2]:  576, xstate_sizes[2]:  256
[    0.000000] x86/fpu: Supporting XSAVE feature 0x01: 'x87 floating point registers'
[    0.000000] x86/fpu: Supporting XSAVE feature 0x02: 'SSE registers'
[    0.000000] x86/fpu: Supporting XSAVE feature 0x04: 'AVX registers'
[    0.000000] x86/fpu: Enabled xstate features 0x7, context size is 832 bytes, using 'standard' format.
[    0.000000] x86/fpu: Using 'lazy' FPU context switches.
[    0.000000] e820: BIOS-provided physical RAM map:
[    0.000000] BIOS-e820: [mem 0x0000000000000000-0x000000000009fbff] usable
[    0.000000] BIOS-e820: [mem 0x000000000009fc00-0x000000000009ffff] reserved
[    0.000000] BIOS-e820: [mem 0x00000000000f0000-0x00000000000fffff] reserved
[    0.000000] BIOS-e820: [mem 0x0000000000100000-0x000000003ffeffff] usable
[    0.000000] BIOS-e820: [mem 0x000000003fff0000-0x000000003fffffff] ACPI data
[    0.000000] BIOS-e820: [mem 0x00000000fec00000-0x00000000fec00fff] reserved
[    0.000000] BIOS-e820: [mem 0x00000000fee00000-0x00000000fee00fff] reserved
[    0.000000] BIOS-e820: [mem 0x00000000fffc0000-0x00000000ffffffff] reserved
[    0.000000] NX (Execute Disable) protection: active
[    0.000000] SMBIOS 2.5 present.
[    0.000000] Hypervisor detected: KVM
[    0.000000] e820: last_pfn = 0x3fff0 max_arch_pfn = 0x400000000
[    0.000000] MTRR: Disabled
[    0.000000] x86/PAT: MTRRs disabled, skipping PAT initialization too.
[    0.000000] x86/PAT: Configuration [0-7]: WB  WT  UC- UC  WB  WT  UC- UC  
[    0.000000] CPU MTRRs all blank - virtualized system.
[    0.000000] found SMP MP-table at [mem 0x0009fff0-0x0009ffff] mapped at [ffff88000009fff0]
[    0.000000] Scanning 1 areas for low memory corruption
[    0.000000] RAMDISK: [mem 0x338e8000-0x35c6bfff]
[    0.000000] ACPI: Early table checksum verification disabled
[    0.000000] ACPI: RSDP 0x00000000000E0000 000024 (v02 VBOX  )
[    0.000000] ACPI: XSDT 0x000000003FFF0030 00003C (v01 VBOX   VBOXXSDT 00000001 ASL  00000061)
[    0.000000] ACPI: FACP 0x000000003FFF00F0 0000F4 (v04 VBOX   VBOXFACP 00000001 ASL  00000061)
[    0.000000] ACPI: DSDT 0x000000003FFF0470 00210F (v01 VBOX   VBOXBIOS 00000002 INTL 20100528)
[    0.000000] ACPI: FACS 0x000000003FFF0200 000040
[    0.000000] ACPI: FACS 0x000000003FFF0200 000040
[    0.000000] ACPI: APIC 0x000000003FFF0240 00005C (v02 VBOX   VBOXAPIC 00000001 ASL  00000061)
[    0.000000] ACPI: SSDT 0x000000003FFF02A0 0001CC (v01 VBOX   VBOXCPUT 00000002 INTL 20100528)
[    0.000000] No NUMA configuration found
[    0.000000] Faking a node at [mem 0x0000000000000000-0x000000003ffeffff]
[    0.000000] NODE_DATA(0) allocated [mem 0x3ffeb000-0x3ffeffff]
[    0.000000] kvm-clock: Using msrs 4b564d01 and 4b564d00
[    0.000000] kvm-clock: cpu 0, msr 0:3ffe3001, primary cpu clock
[    0.000000] kvm-clock: using sched offset of 5420779300 cycles
[    0.000000] clocksource: kvm-clock: mask: 0xffffffffffffffff max_cycles: 0x1cd42e4dffb, max_idle_ns: 881590591483 ns
[    0.000000] Zone ranges:
[    0.000000]   DMA      [mem 0x0000000000001000-0x0000000000ffffff]
[    0.000000]   DMA32    [mem 0x0000000001000000-0x000000003ffeffff]
[    0.000000]   Normal   empty
[    0.000000]   Device   empty
[    0.000000] Movable zone start for each node
[    0.000000] Early memory node ranges
[    0.000000]   node   0: [mem 0x0000000000001000-0x000000000009efff]
[    0.000000]   node   0: [mem 0x0000000000100000-0x000000003ffeffff]
[    0.000000] Initmem setup node 0 [mem 0x0000000000001000-0x000000003ffeffff]
[    0.000000] ACPI: PM-Timer IO Port: 0x4008
[    0.000000] IOAPIC[0]: apic_id 2, version 32, address 0xfec00000, GSI 0-23
[    0.000000] ACPI: INT_SRC_OVR (bus 0 bus_irq 0 global_irq 2 dfl dfl)
[    0.000000] ACPI: INT_SRC_OVR (bus 0 bus_irq 9 global_irq 9 high level)
[    0.000000] Using ACPI (MADT) for SMP configuration information
[    0.000000] smpboot: Allowing 2 CPUs, 0 hotplug CPUs
[    0.000000] PM: Registered nosave memory: [mem 0x00000000-0x00000fff]
[    0.000000] PM: Registered nosave memory: [mem 0x0009f000-0x0009ffff]
[    0.000000] PM: Registered nosave memory: [mem 0x000a0000-0x000effff]
[    0.000000] PM: Registered nosave memory: [mem 0x000f0000-0x000fffff]
[    0.000000] e820: [mem 0x40000000-0xfebfffff] available for PCI devices
[    0.000000] Booting paravirtualized kernel on KVM
[    0.000000] clocksource: refined-jiffies: mask: 0xffffffff max_cycles: 0xffffffff, max_idle_ns: 7645519600211568 ns
[    0.000000] setup_percpu: NR_CPUS:512 nr_cpumask_bits:512 nr_cpu_ids:2 nr_node_ids:1
[    0.000000] PERCPU: Embedded 33 pages/cpu @ffff88003fc00000 s98264 r8192 d28712 u1048576
[    0.000000] PV qspinlock hash table entries: 256 (order: 0, 4096 bytes)
[    0.000000] Built 1 zonelists in Node order, mobility grouping on.  Total pages: 257913
[    0.000000] Policy zone: DMA32
[    0.000000] Kernel command line: BOOT_IMAGE=/boot/vmlinuz-4.4.0-66-generic root=UUID=6253261b-e48e-4737-8257-5509ddd194ea ro console=tty1 console=ttyS0
[    0.000000] PID hash table entries: 4096 (order: 3, 32768 bytes)
[    0.000000] Memory: 976208K/1048120K available (8452K kernel code, 1293K rwdata, 3980K rodata, 1488K init, 1316K bss, 71912K reserved, 0K cma-reserved)
[    0.000000] SLUB: HWalign=64, Order=0-3, MinObjects=0, CPUs=2, Nodes=1
[    0.000000] Hierarchical RCU implementation.
[    0.000000] 	Build-time adjustment of leaf fanout to 64.
[    0.000000] 	RCU restricting CPUs from NR_CPUS=512 to nr_cpu_ids=2.
[    0.000000] RCU: Adjusting geometry for rcu_fanout_leaf=64, nr_cpu_ids=2
[    0.000000] NR_IRQS:33024 nr_irqs:440 16
[    0.000000] Console: colour VGA+ 80x25
[    0.000000] console [tty1] enabled
[    0.000000] console [ttyS0] enabled
[    0.000000] tsc: Detected 1103.999 MHz processor
[    4.089273] Calibrating delay loop (skipped) preset value.. 2207.99 BogoMIPS (lpj=4415996)
[    4.135649] pid_max: default: 32768 minimum: 301
[    4.167089] ACPI: Core revision 20150930
[    4.181288] ACPI: 2 ACPI AML tables successfully acquired and loaded
[    4.187530] Security Framework initialized
[    4.188874] Yama: becoming mindful.
[    4.190085] AppArmor: AppArmor initialized
[    4.231424] Dentry cache hash table entries: 131072 (order: 8, 1048576 bytes)
[    4.250313] Inode-cache hash table entries: 65536 (order: 7, 524288 bytes)
[    4.252525] Mount-cache hash table entries: 2048 (order: 2, 16384 bytes)
[    4.254411] Mountpoint-cache hash table entries: 2048 (order: 2, 16384 bytes)
[    4.262083] Initializing cgroup subsys io
[    4.263501] Initializing cgroup subsys memory
[    4.330799] Initializing cgroup subsys devices
[    4.348235] Initializing cgroup subsys freezer
[    4.349774] Initializing cgroup subsys net_cls
[    4.393384] Initializing cgroup subsys perf_event
[    4.409361] Initializing cgroup subsys net_prio
[    4.410853] Initializing cgroup subsys hugetlb
[    4.412238] Initializing cgroup subsys pids
[    4.436141] CPU: Physical Processor ID: 0
[    4.437393] CPU: Processor Core ID: 0
[    4.478481] mce: CPU supports 0 MCE banks
[    4.501093] Last level iTLB entries: 4KB 64, 2MB 8, 4MB 8
[    4.502759] Last level dTLB entries: 4KB 64, 2MB 0, 4MB 0, 1GB 4
[    4.545074] Freeing SMP alternatives memory: 32K (ffffffff820b9000 - ffffffff820c1000)
[    4.599079] ftrace: allocating 32123 entries in 126 pages
[    4.704412] smpboot: APIC(0) Converting physical 0 to logical package 0
[    4.753224] smpboot: Max logical packages: 1
[    4.788528] x2apic enabled
[    4.789892] Switched APIC routing to physical x2apic.
[    4.838436] ..TIMER: vector=0x30 apic1=0 pin1=2 apic2=-1 pin2=-1
[    5.026978] smpboot: CPU0: Intel(R) Core(TM) m3-6Y30 CPU @ 0.90GHz (family: 0x6, model: 0x4e, stepping: 0x3)
[    5.062670] Performance Events: unsupported p6 CPU model 78 no PMU driver, software events only.
[    5.109125] KVM setup paravirtual spinlock
[    5.118240] x86: Booting SMP configuration:
[    5.128539] .... node  #0, CPUs:      #1
[    5.136811] kvm-clock: cpu 1, msr 0:3ffe3041, secondary cpu clock
[    5.153287] mce: CPU supports 0 MCE banks
[    5.162515] x86: Booted up 1 node, 2 CPUs
[    5.168255] smpboot: Total of 2 processors activated (4415.99 BogoMIPS)
[    5.172045] devtmpfs: initialized
[    5.186554] evm: security.selinux
[    5.195286] evm: security.SMACK64
[    5.196520] evm: security.SMACK64EXEC
[    5.198920] evm: security.SMACK64TRANSMUTE
[    5.205082] evm: security.SMACK64MMAP
[    5.208210] evm: security.ima
[    5.211929] evm: security.capability
[    5.226239] clocksource: jiffies: mask: 0xffffffff max_cycles: 0xffffffff, max_idle_ns: 7645041785100000 ns
[    5.232600] pinctrl core: initialized pinctrl subsystem
[    5.236681] RTC time: 19:23:35, date: 03/17/17
[    5.246176] NET: Registered protocol family 16
[    5.261675] cpuidle: using governor ladder
[    5.281742] cpuidle: using governor menu
[    5.295293] PCCT header not found.
[    5.352228] ACPI: bus type PCI registered
[    5.387935] acpiphp: ACPI Hot Plug PCI Controller Driver version: 0.5
[    5.453206] PCI: Using configuration type 1 for base access
[    5.520752] ACPI: Added _OSI(Module Device)
[    5.560731] ACPI: Added _OSI(Processor Device)
[    5.594056] ACPI: Added _OSI(3.0 _SCP Extensions)
[    5.632406] ACPI: Added _OSI(Processor Aggregator Device)
[    5.673319] ACPI: Executed 1 blocks of module-level executable AML code
[    5.703082] ACPI: Interpreter enabled
[    5.736642] ACPI: (supports S0 S5)
[    5.764719] ACPI: Using IOAPIC for interrupt routing
[    5.819124] PCI: Using host bridge windows from ACPI; if necessary, use "pci=nocrs" and report a bug
[    5.921332] ACPI: PCI Root Bridge [PCI0] (domain 0000 [bus 00-ff])
[    5.969071] acpi PNP0A03:00: _OSC: OS supports [ASPM ClockPM Segments MSI]
[    6.037781] acpi PNP0A03:00: _OSC failed (AE_NOT_FOUND); disabling ASPM
[    6.094775] acpi PNP0A03:00: fail to add MMCONFIG information, can't access extended PCI configuration space under this bridge.
[    6.188188] PCI host bridge to bus 0000:00
[    6.219880] pci_bus 0000:00: root bus resource [io  0x0000-0x0cf7 window]
[    6.232676] pci_bus 0000:00: root bus resource [io  0x0d00-0xffff window]
[    6.236997] pci_bus 0000:00: root bus resource [mem 0x000a0000-0x000bffff window]
[    6.246609] pci_bus 0000:00: root bus resource [mem 0x40000000-0xffdfffff window]
[    6.258570] pci_bus 0000:00: root bus resource [bus 00-ff]
[    6.279173] pci 0000:00:01.1: legacy IDE quirk: reg 0x10: [io  0x01f0-0x01f7]
[    6.293766] pci 0000:00:01.1: legacy IDE quirk: reg 0x14: [io  0x03f6]
[    6.310861] pci 0000:00:01.1: legacy IDE quirk: reg 0x18: [io  0x0170-0x0177]
[    6.322727] pci 0000:00:01.1: legacy IDE quirk: reg 0x1c: [io  0x0376]
[    6.360993] pci 0000:00:07.0: quirk: [io  0x4000-0x403f] claimed by PIIX4 ACPI
[    6.373407] pci 0000:00:07.0: quirk: [io  0x4100-0x410f] claimed by PIIX4 SMB
[    6.388505] ACPI: PCI Interrupt Link [LNKA] (IRQs 5 9 10 *11)
[    6.391997] ACPI: PCI Interrupt Link [LNKB] (IRQs 5 9 10 *11)
[    6.410168] ACPI: PCI Interrupt Link [LNKC] (IRQs 5 9 *10 11)
[    6.438037] ACPI: PCI Interrupt Link [LNKD] (IRQs 5 *9 10 11)
[    6.479347] ACPI: Enabled 2 GPEs in block 00 to 07
[    6.481500] vgaarb: setting as boot device: PCI:0000:00:02.0
[    6.507760] vgaarb: device added: PCI:0000:00:02.0,decodes=io+mem,owns=io+mem,locks=none
[    6.541530] vgaarb: loaded
[    6.550753] vgaarb: bridge control possible 0000:00:02.0
[    6.559694] SCSI subsystem initialized
[    6.580874] ACPI: bus type USB registered
[    6.595668] usbcore: registered new interface driver usbfs
[    6.597300] usbcore: registered new interface driver hub
[    6.611327] usbcore: registered new device driver usb
[    6.646405] PCI: Using ACPI for IRQ routing
[    6.682412] NetLabel: Initializing
[    6.684830] NetLabel:  domain hash size = 128
[    6.697391] NetLabel:  protocols = UNLABELED CIPSOv4
[    6.715442] NetLabel:  unlabeled traffic allowed by default
[    6.717378] amd_nb: Cannot enumerate AMD northbridges
[    6.740948] clocksource: Switched to clocksource kvm-clock
[    6.753578] AppArmor: AppArmor Filesystem Enabled
[    6.778115] pnp: PnP ACPI init
[    6.826400] pnp: PnP ACPI: found 3 devices
[    6.884989] clocksource: acpi_pm: mask: 0xffffff max_cycles: 0xffffff, max_idle_ns: 2085701024 ns
[    6.892076] NET: Registered protocol family 2
[    6.893702] TCP established hash table entries: 8192 (order: 4, 65536 bytes)
[    6.939097] TCP bind hash table entries: 8192 (order: 5, 131072 bytes)
[    6.940886] TCP: Hash tables configured (established 8192 bind 8192)
[    6.971545] UDP hash table entries: 512 (order: 2, 16384 bytes)
[    6.978788] UDP-Lite hash table entries: 512 (order: 2, 16384 bytes)
[    7.085143] NET: Registered protocol family 1
[    7.183434] pci 0000:00:00.0: Limiting direct PCI/PCI transfers
[    7.319851] pci 0000:00:01.0: Activating ISA DMA hang workarounds
[    7.405501] Trying to unpack rootfs image as initramfs...
[    8.190866] Freeing initrd memory: 36368K (ffff8800338e8000 - ffff880035c6c000)
[    8.237278] platform rtc_cmos: registered platform RTC device (no PNP device found)
[    8.244627] Scanning for low memory corruption every 60 seconds
[    8.254763] futex hash table entries: 512 (order: 3, 32768 bytes)
[    8.290251] audit: initializing netlink subsys (disabled)
[    8.291816] audit: type=2000 audit(1489778619.431:1): initialized
[    8.318911] Initialise system trusted keyring
[    8.387423] HugeTLB registered 2 MB page size, pre-allocated 0 pages
[    8.413039] zbud: loaded
[    8.414481] VFS: Disk quotas dquot_6.6.0
[    8.488950] VFS: Dquot-cache hash table entries: 512 (order 0, 4096 bytes)
[    8.492975] squashfs: version 4.0 (2009/01/31) Phillip Lougher
[    8.498556] fuse init (API version 7.23)
[    8.515744] Key type big_key registered
[    8.525210] Allocating IMA MOK and blacklist keyrings.
[    8.534518] Key type asymmetric registered
[    8.543498] Asymmetric key parser 'x509' registered
[    8.553142] Block layer SCSI generic (bsg) driver version 0.4 loaded (major 249)
[    8.562627] io scheduler noop registered
[    8.572062] io scheduler deadline registered (default)
[    8.580210] io scheduler cfq registered
[    8.586502] pci_hotplug: PCI Hot Plug PCI Core version: 0.5
[    8.600734] pciehp: PCI Express Hot Plug Controller Driver version: 0.4
[    8.612818] ACPI: AC Adapter [AC] (off-line)
[    8.638622] input: Power Button as /devices/LNXSYSTM:00/LNXPWRBN:00/input/input0
[    8.659259] ACPI: Power Button [PWRF]
[    8.664194] input: Sleep Button as /devices/LNXSYSTM:00/LNXSLPBN:00/input/input1
[    8.690124] ACPI: Sleep Button [SLPF]
[    8.694364] ACPI: Battery Slot [BAT0] (battery present)
[    8.699318] GHES: HEST is not enabled!
[    8.700869] Serial: 8250/16550 driver, 32 ports, IRQ sharing enabled
[    8.727158] 00:02: ttyS0 at I/O 0x3f8 (irq = 4, base_baud = 115200) is a 16550A
[    8.751024] Linux agpgart interface v0.103
[    8.762832] brd: module loaded
[    8.772693] loop: module loaded
[    8.794045] scsi host0: ata_piix
[    8.868233] scsi host1: ata_piix
[    8.907874] ata1: PATA max UDMA/33 cmd 0x1f0 ctl 0x3f6 bmdma 0xd000 irq 14
[    8.910023] ata2: PATA max UDMA/33 cmd 0x170 ctl 0x376 bmdma 0xd008 irq 15
[    8.912219] libphy: Fixed MDIO Bus: probed
[    8.927990] tun: Universal TUN/TAP device driver, 1.6
[    9.011279] tun: (C) 1999-2004 Max Krasnyansky <maxk@qualcomm.com>
[    9.137235] PPP generic driver version 2.4.2
[    9.193551] ehci_hcd: USB 2.0 'Enhanced' Host Controller (EHCI) Driver
[    9.280437] tsc: Refined TSC clocksource calibration: 1104.228 MHz
[    9.374099] clocksource: tsc: mask: 0xffffffffffffffff max_cycles: 0xfeab370584, max_idle_ns: 440795246764 ns
[    9.374183] ehci-pci: EHCI PCI platform driver
[    9.374224] ehci-platform: EHCI generic platform driver
[    9.374244] ohci_hcd: USB 1.1 'Open' Host Controller (OHCI) Driver
[    9.374249] ohci-pci: OHCI PCI platform driver
[    9.374261] ohci-platform: OHCI generic platform driver
[    9.374271] uhci_hcd: USB Universal Host Controller Interface driver
[    9.374349] i8042: PNP: PS/2 Controller [PNP0303:PS2K,PNP0f03:PS2M] at 0x60,0x64 irq 1,12
[    9.374996] serio: i8042 KBD port at 0x60,0x64 irq 1
[    9.375002] serio: i8042 AUX port at 0x60,0x64 irq 12
[    9.488764] mousedev: PS/2 mouse device common for all mice
[    9.489185] input: AT Translated Set 2 keyboard as /devices/platform/i8042/serio0/input/input2
[    9.489659] rtc_cmos rtc_cmos: rtc core: registered rtc_cmos as rtc0
[    9.489750] rtc_cmos rtc_cmos: alarms up to one day, 114 bytes nvram
[    9.489760] i2c /dev entries driver
[    9.489835] device-mapper: uevent: version 1.0.3
[    9.489906] device-mapper: ioctl: 4.34.0-ioctl (2015-10-28) initialised: dm-devel@redhat.com
[    9.489935] ledtrig-cpu: registered to indicate activity on CPUs
[    9.543178] NET: Registered protocol family 10
[    9.543359] NET: Registered protocol family 17
[    9.543374] Key type dns_resolver registered
[    9.543554] microcode: CPU0 sig=0x406e3, pf=0x2, revision=0x0
[    9.548204] microcode: CPU1 sig=0x406e3, pf=0x2, revision=0x0
[    9.548255] microcode: Microcode Update Driver: v2.01 <tigran@aivazian.fsnet.co.uk>, Peter Oruba
[    9.548519] registered taskstats version 1
[    9.548542] Loading compiled-in X.509 certificates
[    9.549388] Loaded X.509 cert 'Build time autogenerated kernel key: 32ca4feee90b5cde51f5f8c0e024b22f8c679982'
[    9.549410] zswap: loaded using pool lzo/zbud
[    9.551106] Key type trusted registered
[    9.554267] Key type encrypted registered
[    9.554273] AppArmor: AppArmor sha1 policy hashing enabled
[    9.554277] ima: No TPM chip found, activating TPM-bypass!
[    9.554297] evm: HMAC attrs: 0x1
[    9.554645]   Magic number: 9:98:395
[    9.554679] pci 0000:00:07.0: hash matches
[    9.557749] rtc_cmos rtc_cmos: setting system clock to 2017-03-17 19:23:39 UTC (1489778619)
[    9.557851] BIOS EDD facility v0.16 2004-Jun-25, 0 devices found
[    9.557851] EDD information not available.
[    9.961991] Freeing unused kernel memory: 1488K (ffffffff81f45000 - ffffffff820b9000)
[    9.971906] Write protecting the kernel read-only data: 14336k
[    9.981278] Freeing unused kernel memory: 1776K (ffff880001844000 - ffff880001a00000)
[   10.071067] Freeing unused kernel memory: 116K (ffff880001de3000 - ffff880001e00000)
Loading, please wait...
starting version[   10.165048] random: systemd-udevd: uninitialized urandom read (16 bytes read, 3 bits of entropy available)
 229
[   10.165911] random: udevadm: uninitialized urandom read (16 bytes read, 3 bits of entropy available)
[   10.165954] random: udevadm: uninitialized urandom read (16 bytes read, 3 bits of entropy available)
[   10.166088] random: udevadm: uninitialized urandom read (16 bytes read, 3 bits of entropy available)
[   10.166140] random: udevadm: uninitialized urandom read (16 bytes read, 3 bits of entropy available)
[   10.166187] random: udevadm: uninitialized urandom read (16 bytes read, 3 bits of entropy available)
[   10.166236] random: udevadm: uninitialized urandom read (16 bytes read, 3 bits of entropy available)
[   10.166283] random: udevadm: uninitialized urandom read (16 bytes read, 3 bits of entropy available)
[   10.166326] random: udevadm: uninitialized urandom read (16 bytes read, 3 bits of entropy available)
[   10.166369] random: udevadm: uninitialized urandom read (16 bytes read, 3 bits of entropy available)
[   10.815841] ACPI: Video Device [GFX0] (multi-head: yes  rom: no  post: no)
[   10.829965] input: Video Bus as /devices/LNXSYSTM:00/LNXSYBUS:00/PNP0A03:00/LNXVIDEO:00/input/input4
[   10.841389] FUJITSU Extended Socket Network Device Driver - version 1.0 - Copyright (c) 2015 FUJITSU LIMITED
[   10.851274] e1000: Intel(R) PRO/1000 Network Driver - version 7.3.21-k8-NAPI
[   10.888237] e1000: Copyright (c) 1999-2006 Intel Corporation.
[   10.970675] AVX version of gcm_enc/dec engaged.
[   10.991447] AES CTR mode by8 optimization enabled
[   11.014728] Fusion MPT base driver 3.04.20
[   11.019362] Copyright (c) 1999-2008 LSI Corporation
[   11.123594] Fusion MPT SPI Host driver 3.04.20
[   11.130130] input: ImExPS/2 Generic Explorer Mouse as /devices/platform/i8042/serio1/input/input5
[   11.398021] e1000 0000:00:03.0 eth0: (PCI:33MHz:32-bit) 02:f3:d6:4a:16:a4
[   11.401465] e1000 0000:00:03.0 eth0: Intel(R) PRO/1000 Network Connection
[   11.425040] e1000 0000:00:03.0 enp0s3: renamed from eth0
[   11.532861] mptbase: ioc0: Initiating bringup
[   11.702080] ioc0: LSI53C1030 A0: Capabilities={Initiator}
[   12.025527] scsi host2: ioc0: LSI53C1030 A0, FwRev=00000000h, Ports=1, MaxQ=256, IRQ=20
[   12.229805] scsi 2:0:0:0: Direct-Access     VBOX     HARDDISK         1.0  PQ: 0 ANSI: 5
[   12.278403] scsi target2:0:0: Beginning Domain Validation
[   12.405228] scsi target2:0:0: Domain Validation skipping write tests
[   12.450882] scsi target2:0:0: Ending Domain Validation
[   12.452585] scsi target2:0:0: asynchronous
[   12.533641] scsi 2:0:1:0: Direct-Access     VBOX     HARDDISK         1.0  PQ: 0 ANSI: 5
[   12.728509] scsi target2:0:1: Beginning Domain Validation
[   12.851384] scsi target2:0:1: Domain Validation skipping write tests
[   12.907133] scsi target2:0:1: Ending Domain Validation
[   12.989995] scsi target2:0:1: asynchronous
[   13.057579] sd 2:0:0:0: [sda] 20971520 512-byte logical blocks: (10.7 GB/10.0 GiB)
[   13.060348] sd 2:0:0:0: [sda] Write Protect is off
[   13.061994] sd 2:0:0:0: [sda] Incomplete mode parameter data
[   13.063684] sd 2:0:0:0: [sda] Assuming drive cache: write through
[   13.069171] sd 2:0:0:0: Attached scsi generic sg0 type 0
[   13.190355] sd 2:0:1:0: Attached scsi generic sg1 type 0
[   13.258501] sd 2:0:1:0: [sdb] 20480 512-byte logical blocks: (10.5 MB/10.0 MiB)
[   13.265012]  sda: sda1
[   13.266082] sd 2:0:0:0: [sda] Attached SCSI disk
[   13.292594] sd 2:0:1:0: [sdb] Write Protect is off
[   13.300039] sd 2:0:1:0: [sdb] Incomplete mode parameter data
[   13.307101] sd 2:0:1:0: [sdb] Assuming drive cache: write through
[   13.316217] sd 2:0:1:0: [sdb] Attached SCSI disk
[   13.913379] floppy0: no floppy controllers found
Begin: Loading e[   15.422655] md: linear personality registered for level -1
ssential drivers ... [   15.504043] md: multipath personality registered for level -4
[   15.552638] md: raid0 personality registered for level 0
[   15.577750] md: raid1 personality registered for level 1
[   15.677106] raid6: sse2x1   gen()  4730 MB/s
[   15.789058] raid6: sse2x1   xor()  3665 MB/s
[   15.904973] raid6: sse2x2   gen()  5989 MB/s
[   16.032983] raid6: sse2x2   xor()  5008 MB/s
[   16.149297] raid6: sse2x4   gen()  8151 MB/s
[   16.253466] raid6: sse2x4   xor()  5870 MB/s
[   16.302022] raid6: using algorithm sse2x4 gen() 8151 MB/s
[   16.356807] raid6: .... xor() 5870 MB/s, rmw enabled
[   16.404495] raid6: using ssse3x2 recovery algorithm
[   16.458327] xor: automatically using best checksumming function:
[   16.573759]    avx       : 19554.000 MB/sec
[   16.648188] async_tx: api initialized (async)
[   16.660218] md: raid6 personality registered for level 6
[   16.670783] md: raid5 personality registered for level 5
[   16.709958] md: raid4 personality registered for level 4
[   16.736270] md: raid10 personality registered for level 10
done.
Begin: Running /scripts/init-premount ... done.
Begin: Mounting root file system ... Beg[   16.813997] Btrfs loaded
in: Running /scripts/local-top ... done.
Begin: Running /scripts/local-premount ... Scanning for Btrfs filesystems
done.
Warning: fsck no[   16.912810] EXT4-fs (sda1): mounted filesystem with ordered data mode. Opts: (null)
t present, so skipping root file system
done.
Begin: Running /scripts/local-bottom ... done.
Begin: Running /scripts/init-bottom ... Warning: overlayroot: debug is busted
done.
[   17.095039] systemd[1]: systemd 229 running in system mode. (+PAM +AUDIT +SELINUX +IMA +APPARMOR +SMACK +SYSVINIT +UTMP +LIBCRYPTSETUP +GCRYPT +GNUTLS +ACL +XZ -LZ4 +SECCOMP +BLKID +ELFUTILS +KMOD -IDN)
[   17.387115] systemd[1]: Detected virtualization oracle.
[   17.497889] systemd[1]: Detected architecture x86-64.

Welcome to [1mUbuntu 16.04.1 LTS[0m!

[   17.655063] systemd[1]: Set hostname to <ubuntu-xenial>.
[   17.998248] systemd[1]: Set up automount Arbitrary Executable File Formats File System Automount Point.
[[0;32m  OK  [0m] Set up automount Arbitrary Executab...ats File System Automount Point.
[   18.069522] systemd[1]: Listening on /dev/initctl Compatibility Named Pipe.
[[0;32m  OK  [0m] Listening on /dev/initctl Compatibility Named Pipe.
[   18.241640] systemd[1]: Listening on LVM2 poll daemon socket.
[[0;32m  OK  [0m] Listening on LVM2 poll daemon socket.
[   18.333720] systemd[1]: Listening on LVM2 metadata daemon socket.
[[0;32m  OK  [0m] Listening on LVM2 metadata daemon socket.
[   18.506034] systemd[1]: Listening on Journal Socket (/dev/log).
[[0;32m  OK  [0m] Listening on Journal Socket (/dev/log).
[   18.625538] systemd[1]: Listening on udev Kernel Socket.
[[0;32m  OK  [0m] Listening on udev Kernel Socket.
[   18.721306] systemd[1]: Listening on Journal Socket.
[[0;32m  OK  [0m] Listening on Journal Socket.
[   18.937885] systemd[1]: Listening on udev Control Socket.
[[0;32m  OK  [0m] Listening on udev Control Socket.
[   19.018339] systemd[1]: Created slice System Slice.
[[0;32m  OK  [0m] Created slice System Slice.
[   19.057292] systemd[1]: Starting Uncomplicated firewall...
         Starting Uncomplicated firewall...
[   19.109805] systemd[1]: Created slice system-serial\x2dgetty.slice.
[[0;32m  OK  [0m] Created slice system-serial\x2dgetty.slice.
[   19.189234] systemd[1]: Mounting Debug File System...
         Mounting Debug File System...
[   19.321901] systemd[1]: Starting Remount Root and Kernel File Systems...
[   19.474428] EXT4-fs (sda1): re-mounted. Opts: (null)
         Starting Remount Root and Kernel File Systems...
[   19.577612] systemd[1]: Starting Set console keymap...
[   19.579915] random: nonblocking pool is initialized
         Starting Set console keymap...
[   19.809311] systemd[1]: Mounting POSIX Message Queue File System...
         Mounting POSIX Message Queue File System...
[   19.929739] systemd[1]: Starting Nameserver information manager...
         Starting Nameserver information manager...
[   20.073905] systemd[1]: Reached target User and Group Name Lookups.
[[0;32m  OK  [0m] Reached target User and Group Name Lookups.
[   20.145269] systemd[1]: Starting Load Kernel Modules...
         Startin[   20.199009] Loading iSCSI transport class v2.0-870.
g Load Kernel Modules...
[   20.237391] systemd[1]: Started Forward Password Requests to Wall Directory Watch.
[[0;32m  OK  [0m] Started Forward Password Requests to Wall Directory Watch.
[   20.269490] iscsi: registered transport (tcp)
[   20.277171] systemd[1]: Starting Create list of required static device nodes for the current kernel...
         Starting Create list of required st... nodes for the current kernel...
[   20.334143] systemd[1]: Listening on Syslog Socket.
[[0;32m  OK  [0m] Listening on Sys[   20.345326] iscsi: registered transport (iser)
log Socket.
[   20.406063] systemd[1]: Listening on Journal Audit Socket.
[[0;32m  OK  [0m] Listening on Journal Audit Socket.
[   20.478389] systemd[1]: Starting Journal Service...
         Starting Journal Service...
[   20.541918] systemd[1]: Mounting Huge Pages File System...
         Mounting Huge Pages File System...
[   20.645657] systemd[1]: Reached target Encrypted Volumes.
[[0;32m  OK  [0m] Reached target Encrypted Volumes.
[   20.817563] systemd[1]: Listening on Device-mapper event daemon FIFOs.
[[0;32m  OK  [0m] Listening on Device-mapper event daemon FIFOs.
[   20.917726] systemd[1]: Starting Monitoring of LVM2 mirrors, snapshots etc. using dmeventd or progress polling...
         Starting Monitoring of LVM2 mirrors... dmeventd or progress polling...
[   21.062212] systemd[1]: Created slice User and Session Slice.
[[0;32m  OK  [0m] Created slice User and Session Slice.
[   21.205972] systemd[1]: Reached target Swap.
[[0;32m  OK  [0m] Reached target Swap.
[   21.309744] systemd[1]: Reached target Slices.
[[0;32m  OK  [0m] Reached target Slices.
[   21.450231] systemd[1]: Mounted Debug File System.
[[0;32m  OK  [0m] Mounted Debug File System.
[   21.511829] systemd[1]: Mounted Huge Pages File System.
[[0;32m  OK  [0m] Mounted Huge Pages File System.
[   21.613651] systemd[1]: Mounted POSIX Message Queue File System.
[[0;32m  OK  [0m] Mounted POSIX Message Queue File System.
[   21.739622] systemd[1]: Started Journal Service.
[[0;32m  OK  [0m] Started Journal Service.
[[0;32m  OK  [0m] Started Uncomplicated firewall.
[[0;32m  OK  [0m] Started Remount Root and Kernel File Systems.
[[0;32m  OK  [0m] Started Set console keymap.
[[0;32m  OK  [0m] Started Load Kernel Modules.
[[0;32m  OK  [0m] Started Create list of required sta...ce nodes for the current kernel.
[[0;32m  OK  [0m] Started Nameserver information manager.
[[0;32m  OK  [0m] Started LVM2 metadata daemon.
         Starting Create Static Device Nodes in /dev...
         Mounting FUSE Control File System...
         Starting Apply Kernel Variables...
         Starting udev Coldplug all Devices...
         Starting Initial cloud-init job (pre-networking)...
         Starting Load/Save Random Seed...
         Starting Flush Journal to Persistent Storage...
[[0;32m  OK  [0m] Mounted FUSE Control File System.
[[0;32m  OK  [0m] Started Monitoring of LVM2 mirrors,...ng dmeventd or progress polling.
[[0;32m  OK  [0m] Started Create Static Device Nodes in /dev.
[[0;32m  OK  [0m] Started Apply Kernel Variables.
[[0;32m  OK  [0m] Started Load/Save Random Seed.
[[0;32m  OK  [0m] Started Flush Journal to Persistent Storage.
[[0;32m  OK  [0m] Started udev Coldplug all Devices.
         Starting udev Kernel Device Manager...
[[0;32m  OK  [0m] Started udev Kernel Device Manager.
[[0;32m  OK  [0m] Reached target Local File Systems (Pre).
[[0;32m  OK  [0m] Reached target Local File Systems.
         Starting Create Volatile Files and Directories...
         Starting Tell Plymouth To Write Out Runtime Data...
         Starting LSB: AppArmor initialization...
         Starting Set console font and keymap...
[[0;32m  OK  [0m] Started Dispatch Password Requests to Console Directory Watch.
[[0;32m  OK  [0m] Started Create Volatile Files and Directories.
[[0;32m  OK  [0m] Started Tell Plymouth To Write Out Runtime Data.
[[0;32m  OK  [0m] Reached target System Time Synchronized.
         Starting Update UTMP about System Boot/Shutdown...
[[0;32m  OK  [0m] Started Update UTMP about System Boot/Shutdown.
[[0;32m  OK  [0m] Started LSB: AppArmor initialization.
[[0;32m  OK  [0m] Found device /dev/ttyS0.
[   23.522306] intel_rapl: no valid rapl domains found in package 0
[[0;32m  OK  [0m] Found device 82540EM Gigabit Ethern...r (PRO/1000 MT Desktop Adapter).
[[0;32m  OK  [0m] Listening on Load/Save RF Kill Switch Status /dev/rfkill Watch.
[   18.264335] cloud-init[489]: Cloud-init v. 0.7.8 running 'init-local' at Fri, 17 Mar 2017 19:23:53 +0000. Up 17.64 seconds.
[[0;32m  OK  [0m] Started Initial cloud-init job (pre-networking).
[[0;32m  OK  [0m] Reached target Sound Card.
[[0;32m  OK  [0m] Reached target Network (Pre).
[[0;32m  OK  [0m] Started ifup for enp0s3.
         Starting Raise network interfaces...
[[0;32m  OK  [0m] Started Set console font and keymap.
[[0;32m  OK  [0m] Created slice system-getty.slice.
[[0;32m  OK  [0m] Started Raise network interfaces.
[[0;32m  OK  [0m] Reached target Network.
         Starting Initial cloud-init job (metadata service crawler)...
[   21.616773] cloud-init[1084]: Cloud-init v. 0.7.8 running 'init' at Fri, 17 Mar 2017 19:23:57 +0000. Up 21.11 seconds.
[   21.663163] cloud-init[1084]: ci-info: +++++++++++++++++++++++++++++++++++++Net device info++++++++++++++++++++++++++++++++++++++
[   21.692695] cloud-init[1084]: ci-info: +--------+------+----------------------------+---------------+-------+-------------------+
[[0;32m  OK  [0m] Started Initial cloud-init job (metadata service crawler).
[   21.732880] cloud-init[1084]: ci-info: | Device |  Up  |          Address           |      Mask     | Scope |     Hw-Address    |
[[0;32m  OK  [0m] Reached target Network is Online.
[   21.787347] cloud-init[1084]: ci-info: +--------+------+----------------------------+---------------+-------+-------------------+
[   21.809450]          cloud-initStarting iSCSI initiator daemon (iscsid)...[1084]: 
ci-info: |   lo   | True |         127.0.0.1          |   255.0.0.0   |   .   |         .         |
[   21.822203] [cloud-init[0;32m  OK  [0m[1084]: ] ci-info: |   lo   | True |          ::1/128           |       .       |  host |         .         |Reached target Cloud-config availability.

[[0;32m  OK  [0m] Reached target System Initialization.
         Starting Docker Socket for the API.
[   21.823070] cloud-init[1084]: ci-info: | enp0s3 | True |         10.0.2.15          | 255.255.255.0 |   .   | 02:f3:d6:4a:16:a4 |
[   21.888616]          cloud-initStarting Socket activation for snappy daemon.[1084]: 
ci-info: | enp0s3 | True | fe80::f3:d6ff:fe4a:16a4/64 |       .       |  link | 02:f3:d6:4a:16:a4 |
[   21.924556] [cloud-init[0;32m  OK  [0m[1084]: ] ci-info: +--------+------+----------------------------+---------------+-------+-------------------+Listening on ACPID Listen Socket.

[   21.942655] [[0;32m  OK  [0m] Listening on UUID daemon activation socket.
[[0;32m  OK  [0m] Started Trigger resolvconf update for networkd DNS.
cloud-init[1084]: ci-info: +++++++++++++++++++++++++++Route IPv4 info++++++++++++++++++++++++++++
[   21.958819] [cloud-init[0;32m  OK  [0m[1084]: ] ci-info: +-------+-------------+----------+---------------+-----------+-------+Started Timer to automatically refresh installed snaps.

[[0;32m  OK  [0m] Started Daily Cleanup of Temporary Directories.
[[0;32m  OK  [0m] Started Daily apt activities.
[[0;32m  OK  [0m] Reached target Timers.
[   21.959708] cloud-init[1084]: ci-info: | Route | Destination | Gateway  |    Genmask    | Interface | Flags |
[   22.027021]          cloud-initStarting LXD - unix socket.[1084]: 
ci-info: +-------+-------------+----------+---------------+-----------+-------+
[[0;32m  OK  [0m] Started ACPI Events Check.
[[0;32m  OK  [0m] Reached target Paths.
[   22.132503] cloud-init[1084]: ci-info: |   0   |   0.0.0.0   | 10.0.2.2 |    0.0.0.0    |   enp0s3  |   UG  |
[   22.240591] [cloud-init[0;32m  OK  [0m[1084]: ] ci-info: |   1   |   10.0.2.0  | 0.0.0.0  | 255.255.255.0 |   enp0s3  |   U   |Listening on D-Bus System Message Bus Socket.

[   22.241301] cloud-init[1084]: ci-info: +-------+-------------+----------+---------------+-----------+-------+
[[0;32m  OK  [0m] Listening on Docker Socket for the API.
[[0;32m  OK  [0m] Listening on Socket activation for snappy daemon.
[[0;32m  OK  [0m] Listening on LXD - unix socket.
[[0;32m  OK  [0m] Started iSCSI initiator daemon (iscsid).
         Starting Login to default iSCSI targets...
[[0;32m  OK  [0m] Reached target Sockets.
[[0;32m  OK  [0m] Reached target Basic System.
[[0;32m  OK  [0m] Started Deferred execution scheduler.
[[0;32m  OK  [0m] Started ACPI event daemon.
         Starting System Logging Service...
         Starting Apply the settings specified in cloud-config...
         Starting LXD - container startup/shutdown...
[[0;32m  OK  [0m] Started Snappy daemon.
         Starting Docker Application Container Engine...
         Starting Auto import assertions from block devices...
         Starting LSB: MD monitoring daemon...
         Starting OpenBSD Secure Shell server...
         Starting LSB: Record successful boot for GRUB...
         Starting Thermal Daemon Service...
         Starting /etc/rc.local Compatibility...
[[0;32m  OK  [0m] Started Regular background program processing daemon.
         Starting Accounts Service...
[[0;32m  OK  [0m] Started FUSE filesystem for LXC.
[[0;32m  OK  [0m] Started D-Bus System Message Bus.
         Starting Login Service...
[[0;32m  OK  [0m] Started System Logging Service.
[[0;32m  OK  [0m] Started OpenBSD Secure Shell server.
[[0;32m  OK  [0m] Started LXD - container startup/shutdown.
[[0;32m  OK  [0m] Started Auto import assertions from block devices.
[[0;32m  OK  [0m] Started Thermal Daemon Service.
[[0;32m  OK  [0m] Started /etc/rc.local Compatibility.
[[0;32m  OK  [0m] Started Login to default iSCSI targets.
[[0;32m  OK  [0m] Started LSB: MD monitoring daemon.
[[0;32m  OK  [0m] Started LSB: Record successful boot for GRUB.
[[0;32m  OK  [0m] Started Login Service.
         Starting Authenticate and Authorize Users to Run Privileged Tasks...
[[0;32m  OK  [0m] Reached target Remote File Systems (Pre).
[[0;32m  OK  [0m] Reached target Remote File Systems.
         Starting LSB: VirtualBox Linux Additions...
         Starting Permit User Sessions...
         Starting LSB: daemon to balance interrupts for SMP systems...
         Starting LSB: Set the CPU Frequency Scaling governor to "ondemand"...
         Starting LSB: Set up cgroupfs mounts....
         Starting LSB: automatic crash report generation...
[[0;32m  OK  [0m] Started Permit User Sessions.
[[0;32m  OK  [0m] Started Authenticate and Authorize Users to Run Privileged Tasks.
[[0;32m  OK  [0m] Started LSB: Set up cgroupfs mounts..
[[0;32m  OK  [0m] Started Accounts Service.
[[0;32m  OK  [0m] Started LSB: Set the CPU Frequency Scaling governor to "ondemand".
[[0;32m  OK  [0m] Started LSB: daemon to balance interrupts for SMP systems.
[[0;32m  OK  [0m] Started LSB: VirtualBox Linux Additions.
         Starting Terminate Plymouth Boot Screen...
         Starting Hold until boot process finishes up...
[[0;32m  OK  [0m] Started Terminate Plymouth Boot Screen.
[[0;32m  OK  [0m] Started Hold until boot process finishes up.
[[0;32m  OK  [0m] Created slice User Slice of ubuntu.
[[0;32m  OK  [0m] Started Getty on tty1.
[   24.002614] cloud-init[1149]: Cloud-init v. 0.7.8 running 'modules:config' at Fri, 17 Mar 2017 19:24:00 +0000. Up 23.88 seconds.
         Starting Set console scheme...
[[0;32m  OK  [0m] Started Serial Getty on ttyS0.
[[0;32m  OK  [0m] Reached target Login Prompts.
[[0;32m  OK  [0m] Started Apply the settings specified in cloud-config.
[[0;32m  OK  [0m] Started LSB: automatic crash report generation.
[[0;32m  OK  [0m] Started Set console scheme.
         Starting User Manager for UID 1000...
[[0;32m  OK  [0m] Started Session 1 of user ubuntu.
[[0;32m  OK  [0m] Started User Manager for UID 1000.
[[0;32m  OK  [0m] Started Docker Application Container Engine.
[[0;32m  OK  [0m] Reached target Multi-User System.
         Starting Execute cloud user/final scripts...
[[0;32m  OK  [0m] Reached target Graphical Interface.
         Starting Update UTMP about System Runlevel Changes...
[[0;32m  OK  [0m] Started Update UTMP about System Runlevel Changes.
[   25.454284] cloud-init[1567]: Cloud-init v. 0.7.8 running 'modules:final' at Fri, 17 Mar 2017 19:24:01 +0000. Up 25.30 seconds.
[   25.467976] cloud-init[1567]: Cloud-init v. 0.7.8 finished at Fri, 17 Mar 2017 19:24:01 +0000. Datasource DataSourceNoCloud [seed=/dev/sdb][dsmode=net].  Up 25.44 seconds
[[0;32m  OK  [0m] Started Execute cloud user/final scripts.
[[0;32m  OK  [0m] Reached target Cloud-init target.

Ubuntu 16.04.1 LTS ubuntu-xenial ttyS0

ubuntu-xenial login: [[0;32m  OK  [0m] Stopped target Sound Card.
[[0;32m  OK  [0m] Stopped target Cloud-init target.
         Stopping Authenticate and Authorize Users to Run Privileged Tasks...
[[0;32m  OK  [0m] Stopped target Timers.
[[0;32m  OK  [0m] Stopped Timer to automatically refresh installed snaps.
         Starting Unattended Upgrades Shutdown...
         Stopping User Manager for UID 1000...
[[0;32m  OK  [0m] Stopped Execute cloud user/final scripts.
[[0;32m  OK  [0m] Stopped Daily apt activities.
[[0;32m  OK  [0m] Stopped target System Time Synchronized.
[[0;32m  OK  [0m] Stopped Apply the settings specified in cloud-config.
[[0;32m  OK  [0m] Closed Load/Save RF Kill Switch Status /dev/rfkill Watch.
[[0;32m  OK  [0m] Stopped target Graphical Interface.
         Stopping Accounts Service...
[[0;32m  OK  [0m] Stopped target Multi-User System.
         Stopping System Logging Service...
[[0;32m  OK  [0         Stopping LSB: automatic crash report generation...
[[0;32m  OK  [0m] Stopped Daily Cleanup of Temporary Directories.
[[0;32m  OK  [0m] Stopped target Cloud-config availability.
[[0;32m  OK  [0m] Unmounted /var/lib/lxcfs.
[[0;32m  OK  [0m] Stopped Deferred execution scheduler.
[[0;32m  OK  [0m] Stopped ACPI event daemon.
[[0;32m  OK  [0m] Stopped System Logging Service.
[[0;32m  OK  [0m] Stopped Snappy daemon.
[[0;32m  OK  [0m] Stopped OpenBSD Secure Shell server.
[[0;32m  OK  [0m] Stopped Regular background program processing daemon.
[[0;32m  OK  [0m] Stopped Accounts Service.
[[0;32m  OK  [0m] Stopped Authenticate and Authorize Users to Run Privileged Tasks.
[[0;32m  OK  [0m] Stopped Getty on tty1.
[[0;32m  OK  [0m] Stopped Serial Getty on ttyS0.
[[0;32m  OK  [0m] Stopped User Manager for UID 1000.
[[0;32m  OK  [0m] Started Unattended Upgrades Shutdown.
[[0;32m  OK  [0m] Stopped LSB: Set up cgroupfs mounts..
[[0;32m  OK  [0m] Stopped D-Bus System Message Bus.
[[0;32m  OK  [0m] Stopped Session 4 of user ubuntu.
[[0;32m  OK  [0m] Stopped FUSE filesystem for LXC.
[[0;32m  OK  [0m] Stopped LSB: Record successful boot for GRUB.
[[0;32m  OK  [0m] Stopped LSB: VirtualBox Linux Additions.
[[0;32m  OK  [0m] Stopped LSB: MD monitoring daemon.
[[0;32m  OK  [0m] Stopped LXD - container startup/shutdown.
[[0;32m  OK  [0m] Stopped LSB: daemon to balance interrupts for SMP systems.
[[0;32m  OK  [0m] Stopped LSB: automatic crash report generation.
[[0;32m  OK  [0m] Stopped LSB: Set the CPU Frequency Scaling governor to "ondemand".
[[0;32m  OK  [0m] Removed slice User Slice of ubuntu.
         Stopping Login Service...
[[0;32m  OK  [0m] Removed slice system-serial\x2dgetty.slice.
         Stopping Permit User Sessions...
[[0;32m  OK  [0m] Removed slice system-getty.slice.
[[0;32m  OK  [0m] Stopped /etc/rc.local Compatibility.
[[0;32m  OK  [0m] Stopped Login Service.
[[0;32m  OK  [0m] Stopped Permit User Sessions.
[[0;32m  OK  [0m] Stopped target Remote File Systems.
[[0;32m  OK  [0m] Stopped target Remote File Systems (Pre).
         Stopping Login to default iSCSI targets...
[[0;32m  OK  [0m] Stopped target User and Group Name Lookups.
[[0;32m  OK  [0m] Stopped Login to default iSCSI targets.
         Stopping iSCSI initiator daemon (iscsid)...
[[0;32m  OK  [0m] Stopped iSCSI initiator daemon (iscsid).
[[0;32m  OK  [0m] Stopped target Network is Online.
[[0;32m  OK  [0m] Stopped Docker Application Container Engine.
[[0;32m  OK  [0m] Stopped target Network.
[[0;32m  OK  [0m] Stopped target Basic System.
[[0;32m  OK  [0m] Stopped target Slices.
[[0;32m  OK  [0m] Removed slice User and Session Slice.
[[0;32m  OK  [0m] Stopped target Sockets.
[[0;32m  OK  [0m] Closed D-Bus System Message Bus Socket.
[[0;32m  OK  [0m] Closed LXD - unix socket.
[[0;32m  OK  [0m] Closed UUID daemon activation socket.
[[0;32m  OK  [0m] Closed Socket activation for snappy daemon.
[[0;32m  OK  [0m] Closed Syslog Socket.
[[0;32m  OK  [0m] Closed ACPID Listen Socket.
[[0;32m  OK  [0m] Stopped target Paths.
[[0;32m  OK  [0m] Stopped Forward Password Requests to Wall Directory Watch.
[[0;32m  OK  [0m] Stopped Trigger resolvconf update for networkd DNS.
[[0;32m  OK  [0m] Stopped ACPI Events Check.
[[0;32m  OK  [0m] Stopped Dispatch Password Requests to Console Directory Watch.
[[0;32m  OK  [0m] Closed Docker Socket for the API.
[[0;32m  OK  [0m] Stopped target System Initialization.
[[0;32m  OK  [0m] Stopped Initial cloud-init job (metadata service crawler).
         Stopping Raise network interfaces...
         Stopping Load/Save Random Seed...
         Stopping Update UTMP about System Boot/Shutdown...
[[0;32m  OK  [0m] Stopped target Encrypted Volumes.
[[0;32m  OK  [0m] Stopped target Swap.
[[0;32m  OK  [0m] Stopped Load/Save Random Seed.
[[0;32m  OK  [0m] Stopped Update UTMP about System Boot/Shutdown.
[[0;32m  OK  [0m] Stopped Create Volatile Files and Directories.
[[0;32m  OK  [0m] Stopped Raise network interfaces.
[[0;32m  OK  [0m] Stopped target Network (Pre).
[[0;32m  OK  [0m] Stopped Initial cloud-init job (pre-networking).
[[0;32m  OK  [0m] Stopped target Local File Systems.
         Unmounting /vagrant...
         Unmounting /var/lib/docker/overlay2...c32a5c708b516fb510ed89/merged...
         Unmounting /run/user/1000...
[[0;32m  OK  [0m] Stopped Apply Kernel Variables.
[[0;32m  OK  [0m] Stopped Load Kernel Modules.
[[0;32m  OK  [0m] Unmounted /vagrant.
[[0;32m  OK  [0m] Unmounted /var/lib/docker/overlay2/...85c32a5c708b516fb510ed89/merged.
[[0;32m  OK  [0m] Unmounted /run/user/1000.
         Unmounting /var/lib/docker/overlay2...
[[0;32m  OK  [0m] Unmounted /var/lib/docker/overlay2.
[[0;32m  OK  [0m] Reached target Unmount All Filesystems.
[[0;32m  OK  [0m] Stopped target Local File Systems (Pre).
         Stopping Monitoring of LVM2 mirrors... dmeventd or progress polling...
[[0;32m  OK  [0m] Stopped Create Static Device Nodes in /dev.
[[0;32m  OK  [0m] Stopped Remount Root and Kernel File Systems.
[[0;32m  OK  [0m] Reached target Shutdown.
[ 1170.499588] reboot: Power down